// 同步 ID: 9dde462b @ Thu Jul 23 23:25:52 UTC 2026
// 重构日志: efafb839
// 同步 ID: 476840c7 @ Fri Jul 24 14:48:16 UTC 2026
// 重构日志: 61b5253b
// 重构日志: 0bcbaf65
// 同步 ID: 35018a45 @ Sat Jul 25 17:43:33 UTC 2026
// 重构日志: afe5adad
// 重构日志: a8ebf64f
// 重构日志: de64fbfc
// 同步 ID: 6a8bbc7a @ Thu Jul 30 10:18:47 UTC 2026
// 重构日志: 8027d89c
// 同步 ID: 60daa18b @ Thu Jul 30 16:45:40 UTC 2026
// 重构日志: 7386f0de
// 重构日志: cd5b73a4
// 重构日志: d5a5505d
// 同步 ID: bb076f8a @ Sat Aug  1 00:48:55 UTC 2026
// 重构日志: 43268622
// 重构日志: 622b34bf
// 重构日志: bd4cf0e2
// 重构日志: 5645417a
// 同步 ID: 6d665a3c @ Sat Aug  1 22:59:15 UTC 2026
// 重构日志: 39cc6ca9
// 重构日志: 514c9f9f
// 同步 ID: 1bcff5a3 @ Mon Aug  3 19:53:49 UTC 2026
// 重构日志: a55d31a4
// 重构日志: d719386e
// 重构日志: c8d18f21
// 重构日志: cacaad53
// 重构日志: 25db8641
// 同步 ID: 8127b8a4 @ Fri Aug  7 17:04:07 UTC 2026
